exports[`test objects 1`] = `
"const categories = {
  party: \'Party\',
  wedding: \'Wedding\'
};
console.log(categories.party);

const otherDataTypes = {
  boolean: false,
  null: null,
  number: 42,
  array: [1, 2, 3]
};
console.log(otherDataTypes);"
`;

exports[`test strings 1`] = `
"\'Hello, world!\';
\'Two levels deep translation\';
\'Very nested object\';

const numberOne = 1;
const booleanTrue = true;
const thisIsNull = null;"
`;
