exports[`test arrays 1`] = `"const lyrics = [\'Is this the real life?\', \'Is this just fantasy?\', \'(Enjoy singing the rest of the song in your head)\', \'[Credits: https://git.io/vX89j]\'];"`;

exports[`test dump 1`] = `
"const complex = [[\'these deep arrays\'], {
  going: [[[\'many\', \'levels\'], null, 1], 23]
}];"
`;

exports[`test objects 1`] = `
"const categories = {
  party: \'Party\',
  wedding: \'Wedding\'
};
console.log(categories.party);

const otherDataTypes = {
  boolean: false,
  null: null,
  number: 42,
  array: [1, 2, 3]
};
console.log(otherDataTypes);

const deep = {
  go: {
    deep: \'easily\'
  },
  sing: [\'Is this the real life?\', \'Is this just fantasy?\', \'(Enjoy singing the rest of the song in your head)\', \'[Credits: https://git.io/vX89j]\'],
  reach: {
    the stars: \'******\'
  }
};"
`;

exports[`test strings 1`] = `
"const greetings = \'Hello, world!\';
const twoLevelsDeep = \'Two levels deep translation\';
const veryNested = \'Very nested object\';

const numberOne = 1;
const booleanTrue = true;
const thisIsNull = null;

const withDefaultValue = \'This is the default\';"
`;
