exports[`test objects 1`] = `
"const categories = {
  party: \'Party\',
  wedding: \'Wedding\'
};
console.log(categories.party);

const otherDataTypes = {
  boolean: false,
  null: null,
  number: 42,
  array: [1, 2, 3]
};
console.log(otherDataTypes);"
`;

exports[`test strings 1`] = `
"const greetings = \'Hello, world!\';
const twoLevelsDeep = \'Two levels deep translation\';
const veryNested = \'Very nested object\';

const numberOne = 1;
const booleanTrue = true;
const thisIsNull = null;"
`;
